500
36 36
####################################
#..................................#
#..................................#
#..................................#
#..................................#
#..................................#
#..................................#
#..................................#
#..................................#
#..................................#
#..................................#
#..................................#
#..................................#
#..................................#
#..................................#
#..................................#
#..................................#
#..................................#
#..................................#
#..................................#
#..................................#
#.....#............................#
#.....#............................#
#.....#............................#
#.....#............................#
#.....#............................#
#.....#............................#
#.....#............................#
#.....#............................#
#.....#............................#
#.....#............................#
#.....#............................#
#.....#............................#
#.....#............................#
#.....#............................#
####################################
2 2
